[    1661ms] [WARNING] [GPT] PubAdsService.setTargeting is deprecated, use googletag.setConfig({targeting: ...}) instead.
https://goo.gle/gpt-message#170 @ https://browser.sentry-cdn.com/7.44.1/bundle.tracing.min.js:1
[    1920ms] [LOG] [BC]Send the facebook init event 1023886784662676 @ https://browser.sentry-cdn.com/7.44.1/bundle.tracing.min.js:1
[    2076ms] [WARNING] Viafoura: TCF API is available on this site but CMP Integration is not enabled in Admin (tcf_api_cmp_integration). Please enable it for proper consent gating. @ https://browser.sentry-cdn.com/7.44.1/bundle.tracing.min.js:1
[    4020ms] [WARNING] [GPT] Slot.getTargeting is deprecated, use Slot.getConfig('targeting') instead.
https://goo.gle/gpt-message#201 @ https://browser.sentry-cdn.com/7.44.1/bundle.tracing.min.js:1
[    4025ms] [WARNING] This ad's html cannot be accessed using the getHtml method on googletag.Slot. Returning the empty string instead. @ https://browser.sentry-cdn.com/7.44.1/bundle.tracing.min.js:1
[    4025ms] [WARNING] This ad's html cannot be accessed using the getHtml method on googletag.Slot. Returning the empty string instead. @ https://browser.sentry-cdn.com/7.44.1/bundle.tracing.min.js:1
[    4026ms] [WARNING] This ad's html cannot be accessed using the getHtml method on googletag.Slot. Returning the empty string instead. @ https://browser.sentry-cdn.com/7.44.1/bundle.tracing.min.js:1
[    4026ms] [WARNING] This ad's html cannot be accessed using the getHtml method on googletag.Slot. Returning the empty string instead. @ https://browser.sentry-cdn.com/7.44.1/bundle.tracing.min.js:1
[    4026ms] [WARNING] This ad's html cannot be accessed using the getHtml method on googletag.Slot. Returning the empty string instead. @ https://browser.sentry-cdn.com/7.44.1/bundle.tracing.min.js:1
[    4026ms] [WARNING] This ad's html cannot be accessed using the getHtml method on googletag.Slot. Returning the empty string instead. @ https://browser.sentry-cdn.com/7.44.1/bundle.tracing.min.js:1
[    4026ms] [WARNING] This ad's html cannot be accessed using the getHtml method on googletag.Slot. Returning the empty string instead. @ https://browser.sentry-cdn.com/7.44.1/bundle.tracing.min.js:1
[    4077ms] [WARNING] This ad's html cannot be accessed using the getHtml method on googletag.Slot. Returning the empty string instead. @ https://browser.sentry-cdn.com/7.44.1/bundle.tracing.min.js:1
[    4077ms] [WARNING] This ad's html cannot be accessed using the getHtml method on googletag.Slot. Returning the empty string instead. @ https://browser.sentry-cdn.com/7.44.1/bundle.tracing.min.js:1
[    4077ms] [WARNING] This ad's html cannot be accessed using the getHtml method on googletag.Slot. Returning the empty string instead. @ https://browser.sentry-cdn.com/7.44.1/bundle.tracing.min.js:1
[    4077ms] [WARNING] This ad's html cannot be accessed using the getHtml method on googletag.Slot. Returning the empty string instead. @ https://browser.sentry-cdn.com/7.44.1/bundle.tracing.min.js:1
[    4077ms] [WARNING] This ad's html cannot be accessed using the getHtml method on googletag.Slot. Returning the empty string instead. @ https://browser.sentry-cdn.com/7.44.1/bundle.tracing.min.js:1
[    4077ms] [WARNING] This ad's html cannot be accessed using the getHtml method on googletag.Slot. Returning the empty string instead. @ https://browser.sentry-cdn.com/7.44.1/bundle.tracing.min.js:1
[    4077ms] [WARNING] This ad's html cannot be accessed using the getHtml method on googletag.Slot. Returning the empty string instead. @ https://browser.sentry-cdn.com/7.44.1/bundle.tracing.min.js:1
[    8093ms] [ERROR] Failed to load resource: the server responded with a status of 422 () @ https://match.sharethrough.com/FGMrCMMc/v1?gdpr=&gdpr_consent=&us_privacy=&gpp=&gpp_sid=&redirectUri=https%3A%2F%2Fpbs-bunny.receptivity.io%2Fsetuid%3Fbidder%3Dsharethrough%26gdpr%3D%26gdpr_consent%3D%26gpp%3D%26gpp_sid%3D%26f%3Di%26uid%3D%24UID:0
[    8093ms] [ERROR] Failed to load resource: the server responded with a status of 422 () @ https://match.sharethrough.com/FGMrCMMc/v1?gdpr=&gdpr_consent=&us_privacy=&gpp=&gpp_sid=&redirectUri=https%3A%2F%2Fpbs-bunny.receptivity.io%2Fsetuid%3Fbidder%3Dsharethrough%26gdpr%3D%26gdpr_consent%3D%26gpp%3D%26gpp_sid%3D%26f%3Di%26uid%3D%24UID:0
[    8542ms] [ERROR] Failed to load resource: the server responded with a status of 424 (Failed Dependency) @ https://t.adx.opera.com/pub/sync?pubid=pub10101531197440&gdpr=1&gdpr_consent=:0
[    8542ms] [ERROR] Failed to load resource: the server responded with a status of 424 (Failed Dependency) @ https://t.adx.opera.com/pub/sync?pubid=pub10101531197440&gdpr=1&gdpr_consent=:0
[    8542ms] [ERROR] Failed to load resource: the server responded with a status of 424 (Failed Dependency) @ https://t.adx.opera.com/pub/sync?pubid=pub10101531197440&gdpr=1&gdpr_consent=:0
[    8739ms] [ERROR] Failed to load resource: the server responded with a status of 424 (Failed Dependency) @ https://t.adx.opera.com/pub/sync?pubid=pub10101531197440&gdpr=1&gdpr_consent=:0
[    8896ms] [ERROR] Failed to load resource: net::ERR_CERT_DATE_INVALID @ https://tracker.adex-rtb.com/sync?id=1&uid=AE4C63A18D304B86B5E06359E2C85540:0
[    8093ms] [ERROR] Failed to load resource: the server responded with a status of 422 () @ https://match.sharethrough.com/FGMrCMMc/v1?gdpr=&gdpr_consent=&us_privacy=&gpp=&gpp_sid=&redirectUri=https%3A%2F%2Fpbs-bunny.receptivity.io%2Fsetuid%3Fbidder%3Dsharethrough%26gdpr%3D%26gdpr_consent%3D%26gpp%3D%26gpp_sid%3D%26f%3Di%26uid%3D%24UID:0
[    8951ms] [ERROR] Failed to load resource: net::ERR_NAME_NOT_RESOLVED @ https://cs.iqzone.com/570908b7e92df631fee32098aa272f7b.gif?puid=MSsg%2BGqrehAm23xxA2BoqA%3D%3D&gdpr=&gdpr_consent=&ccpa=&coppa=&redir=https%3A%2F%2Fssc-cms.33across.com%2Fps%2F%3Fxi%3D145%26ts%3D1789622800480.6%26us_privacy%3D%26xu%3D%5BUID%5D%26gpp_sid%3D%26gpp%3D:0
[    8542ms] [ERROR] Failed to load resource: the server responded with a status of 424 (Failed Dependency) @ https://t.adx.opera.com/pub/sync?pubid=pub10101531197440&gdpr=1&gdpr_consent=:0
[    8739ms] [ERROR] Failed to load resource: the server responded with a status of 424 (Failed Dependency) @ https://t.adx.opera.com/pub/sync?pubid=pub10101531197440&gdpr=1&gdpr_consent=:0
[    9466ms] [ERROR] Failed to load resource: the server responded with a status of 424 (Failed Dependency) @ https://t.adx.opera.com/pub/sync?pubid=pub10101531197440&gdpr=1&gdpr_consent=:0
[    9584ms] [ERROR] Refused to display 'https://tracookiepixel.xyz/' in a frame because it set 'X-Frame-Options' to 'deny'. @ chrome-error://chromewebdata/:0
[    8093ms] [ERROR] Failed to load resource: the server responded with a status of 422 () @ https://match.sharethrough.com/FGMrCMMc/v1?gdpr=&gdpr_consent=&us_privacy=&gpp=&gpp_sid=&redirectUri=https%3A%2F%2Fpbs-bunny.receptivity.io%2Fsetuid%3Fbidder%3Dsharethrough%26gdpr%3D%26gdpr_consent%3D%26gpp%3D%26gpp_sid%3D%26f%3Di%26uid%3D%24UID:0
[   38110ms] [ERROR] Failed to load resource: the server responded with a status of 404 (Not Found) @ https://us.shb-sync.com/76193a03-069b-4536-bc35-499b8e20d2af.gif?puid=[UID]&gdpr=0&gdpr_consent=&ccpa=&redir=https%3A%2F%2Fhb.trustedstack.com%2Fcksync.php%3Fcs%3D61%26type%3Dtst%26ovsid%3D%5BUID%5D%26gdpr%3D0%26gdpr_consent%3D%26ccpa%3D:0
[   38135ms] [ERROR] Failed to load resource: the server responded with a status of 404 (Not Found) @ https://us.shb-sync.com/76193a03-069b-4536-bc35-499b8e20d2af.gif?puid=[UID]&gdpr=0&gdpr_consent=&ccpa=&redir=https%3A%2F%2Fhb.trustedstack.com%2Fcksync.php%3Fcs%3D61%26type%3Dtst%26ovsid%3D%5BUID%5D%26gdpr%3D0%26gdpr_consent%3D%26ccpa%3D:0
[   38159ms] [ERROR] Failed to load resource: the server responded with a status of 404 (Not Found) @ https://us.shb-sync.com/76193a03-069b-4536-bc35-499b8e20d2af.gif?puid=[UID]&gdpr=0&gdpr_consent=&ccpa=&redir=https%3A%2F%2Fhb.trustedstack.com%2Fcksync.php%3Fcs%3D61%26type%3Dtst%26ovsid%3D%5BUID%5D%26gdpr%3D0%26gdpr_consent%3D%26ccpa%3D:0
[   38204ms] [ERROR] Failed to load resource: the server responded with a status of 404 (Not Found) @ https://us.shb-sync.com/76193a03-069b-4536-bc35-499b8e20d2af.gif?puid=[UID]&gdpr=0&gdpr_consent=&ccpa=&redir=https%3A%2F%2Fhb.trustedstack.com%2Fcksync.php%3Fcs%3D61%26type%3Dtst%26ovsid%3D%5BUID%5D%26gdpr%3D0%26gdpr_consent%3D%26ccpa%3D:0
[   38110ms] [ERROR] Failed to load resource: the server responded with a status of 404 (Not Found) @ https://us.shb-sync.com/76193a03-069b-4536-bc35-499b8e20d2af.gif?puid=[UID]&gdpr=0&gdpr_consent=&ccpa=&redir=https%3A%2F%2Fhb.trustedstack.com%2Fcksync.php%3Fcs%3D61%26type%3Dtst%26ovsid%3D%5BUID%5D%26gdpr%3D0%26gdpr_consent%3D%26ccpa%3D:0
[   38135ms] [ERROR] Failed to load resource: the server responded with a status of 404 (Not Found) @ https://us.shb-sync.com/76193a03-069b-4536-bc35-499b8e20d2af.gif?puid=[UID]&gdpr=0&gdpr_consent=&ccpa=&redir=https%3A%2F%2Fhb.trustedstack.com%2Fcksync.php%3Fcs%3D61%26type%3Dtst%26ovsid%3D%5BUID%5D%26gdpr%3D0%26gdpr_consent%3D%26ccpa%3D:0
[   38159ms] [ERROR] Failed to load resource: the server responded with a status of 404 (Not Found) @ https://us.shb-sync.com/76193a03-069b-4536-bc35-499b8e20d2af.gif?puid=[UID]&gdpr=0&gdpr_consent=&ccpa=&redir=https%3A%2F%2Fhb.trustedstack.com%2Fcksync.php%3Fcs%3D61%26type%3Dtst%26ovsid%3D%5BUID%5D%26gdpr%3D0%26gdpr_consent%3D%26ccpa%3D:0
[   38204ms] [ERROR] Failed to load resource: the server responded with a status of 404 (Not Found) @ https://us.shb-sync.com/76193a03-069b-4536-bc35-499b8e20d2af.gif?puid=[UID]&gdpr=0&gdpr_consent=&ccpa=&redir=https%3A%2F%2Fhb.trustedstack.com%2Fcksync.php%3Fcs%3D61%26type%3Dtst%26ovsid%3D%5BUID%5D%26gdpr%3D0%26gdpr_consent%3D%26ccpa%3D:0
[   38271ms] [ERROR] Failed to load resource: the server responded with a status of 404 (Not Found) @ https://us.shb-sync.com/76193a03-069b-4536-bc35-499b8e20d2af.gif?puid=[UID]&gdpr=0&gdpr_consent=&ccpa=&redir=https%3A%2F%2Fhb.trustedstack.com%2Fcksync.php%3Fcs%3D61%26type%3Dtst%26ovsid%3D%5BUID%5D%26gdpr%3D0%26gdpr_consent%3D%26ccpa%3D:0
[   38110ms] [ERROR] Failed to load resource: the server responded with a status of 404 (Not Found) @ https://us.shb-sync.com/76193a03-069b-4536-bc35-499b8e20d2af.gif?puid=[UID]&gdpr=0&gdpr_consent=&ccpa=&redir=https%3A%2F%2Fhb.trustedstack.com%2Fcksync.php%3Fcs%3D61%26type%3Dtst%26ovsid%3D%5BUID%5D%26gdpr%3D0%26gdpr_consent%3D%26ccpa%3D:0
[   38135ms] [ERROR] Failed to load resource: the server responded with a status of 404 (Not Found) @ https://us.shb-sync.com/76193a03-069b-4536-bc35-499b8e20d2af.gif?puid=[UID]&gdpr=0&gdpr_consent=&ccpa=&redir=https%3A%2F%2Fhb.trustedstack.com%2Fcksync.php%3Fcs%3D61%26type%3Dtst%26ovsid%3D%5BUID%5D%26gdpr%3D0%26gdpr_consent%3D%26ccpa%3D:0
[   38159ms] [ERROR] Failed to load resource: the server responded with a status of 404 (Not Found) @ https://us.shb-sync.com/76193a03-069b-4536-bc35-499b8e20d2af.gif?puid=[UID]&gdpr=0&gdpr_consent=&ccpa=&redir=https%3A%2F%2Fhb.trustedstack.com%2Fcksync.php%3Fcs%3D61%26type%3Dtst%26ovsid%3D%5BUID%5D%26gdpr%3D0%26gdpr_consent%3D%26ccpa%3D:0
[   38204ms] [ERROR] Failed to load resource: the server responded with a status of 404 (Not Found) @ https://us.shb-sync.com/76193a03-069b-4536-bc35-499b8e20d2af.gif?puid=[UID]&gdpr=0&gdpr_consent=&ccpa=&redir=https%3A%2F%2Fhb.trustedstack.com%2Fcksync.php%3Fcs%3D61%26type%3Dtst%26ovsid%3D%5BUID%5D%26gdpr%3D0%26gdpr_consent%3D%26ccpa%3D:0
[   38271ms] [ERROR] Failed to load resource: the server responded with a status of 404 (Not Found) @ https://us.shb-sync.com/76193a03-069b-4536-bc35-499b8e20d2af.gif?puid=[UID]&gdpr=0&gdpr_consent=&ccpa=&redir=https%3A%2F%2Fhb.trustedstack.com%2Fcksync.php%3Fcs%3D61%26type%3Dtst%26ovsid%3D%5BUID%5D%26gdpr%3D0%26gdpr_consent%3D%26ccpa%3D:0
[   38110ms] [ERROR] Failed to load resource: the server responded with a status of 404 (Not Found) @ https://us.shb-sync.com/76193a03-069b-4536-bc35-499b8e20d2af.gif?puid=[UID]&gdpr=0&gdpr_consent=&ccpa=&redir=https%3A%2F%2Fhb.trustedstack.com%2Fcksync.php%3Fcs%3D61%26type%3Dtst%26ovsid%3D%5BUID%5D%26gdpr%3D0%26gdpr_consent%3D%26ccpa%3D:0
[   38135ms] [ERROR] Failed to load resource: the server responded with a status of 404 (Not Found) @ https://us.shb-sync.com/76193a03-069b-4536-bc35-499b8e20d2af.gif?puid=[UID]&gdpr=0&gdpr_consent=&ccpa=&redir=https%3A%2F%2Fhb.trustedstack.com%2Fcksync.php%3Fcs%3D61%26type%3Dtst%26ovsid%3D%5BUID%5D%26gdpr%3D0%26gdpr_consent%3D%26ccpa%3D:0
[   38159ms] [ERROR] Failed to load resource: the server responded with a status of 404 (Not Found) @ https://us.shb-sync.com/76193a03-069b-4536-bc35-499b8e20d2af.gif?puid=[UID]&gdpr=0&gdpr_consent=&ccpa=&redir=https%3A%2F%2Fhb.trustedstack.com%2Fcksync.php%3Fcs%3D61%26type%3Dtst%26ovsid%3D%5BUID%5D%26gdpr%3D0%26gdpr_consent%3D%26ccpa%3D:0
[   38204ms] [ERROR] Failed to load resource: the server responded with a status of 404 (Not Found) @ https://us.shb-sync.com/76193a03-069b-4536-bc35-499b8e20d2af.gif?puid=[UID]&gdpr=0&gdpr_consent=&ccpa=&redir=https%3A%2F%2Fhb.trustedstack.com%2Fcksync.php%3Fcs%3D61%26type%3Dtst%26ovsid%3D%5BUID%5D%26gdpr%3D0%26gdpr_consent%3D%26ccpa%3D:0
[   38271ms] [ERROR] Failed to load resource: the server responded with a status of 404 (Not Found) @ https://us.shb-sync.com/76193a03-069b-4536-bc35-499b8e20d2af.gif?puid=[UID]&gdpr=0&gdpr_consent=&ccpa=&redir=https%3A%2F%2Fhb.trustedstack.com%2Fcksync.php%3Fcs%3D61%26type%3Dtst%26ovsid%3D%5BUID%5D%26gdpr%3D0%26gdpr_consent%3D%26ccpa%3D:0
[   38110ms] [ERROR] Failed to load resource: the server responded with a status of 404 (Not Found) @ https://us.shb-sync.com/76193a03-069b-4536-bc35-499b8e20d2af.gif?puid=[UID]&gdpr=0&gdpr_consent=&ccpa=&redir=https%3A%2F%2Fhb.trustedstack.com%2Fcksync.php%3Fcs%3D61%26type%3Dtst%26ovsid%3D%5BUID%5D%26gdpr%3D0%26gdpr_consent%3D%26ccpa%3D:0
[   38135ms] [ERROR] Failed to load resource: the server responded with a status of 404 (Not Found) @ https://us.shb-sync.com/76193a03-069b-4536-bc35-499b8e20d2af.gif?puid=[UID]&gdpr=0&gdpr_consent=&ccpa=&redir=https%3A%2F%2Fhb.trustedstack.com%2Fcksync.php%3Fcs%3D61%26type%3Dtst%26ovsid%3D%5BUID%5D%26gdpr%3D0%26gdpr_consent%3D%26ccpa%3D:0
[   38159ms] [ERROR] Failed to load resource: the server responded with a status of 404 (Not Found) @ https://us.shb-sync.com/76193a03-069b-4536-bc35-499b8e20d2af.gif?puid=[UID]&gdpr=0&gdpr_consent=&ccpa=&redir=https%3A%2F%2Fhb.trustedstack.com%2Fcksync.php%3Fcs%3D61%26type%3Dtst%26ovsid%3D%5BUID%5D%26gdpr%3D0%26gdpr_consent%3D%26ccpa%3D:0
[   38204ms] [ERROR] Failed to load resource: the server responded with a status of 404 (Not Found) @ https://us.shb-sync.com/76193a03-069b-4536-bc35-499b8e20d2af.gif?puid=[UID]&gdpr=0&gdpr_consent=&ccpa=&redir=https%3A%2F%2Fhb.trustedstack.com%2Fcksync.php%3Fcs%3D61%26type%3Dtst%26ovsid%3D%5BUID%5D%26gdpr%3D0%26gdpr_consent%3D%26ccpa%3D:0
[   38271ms] [ERROR] Failed to load resource: the server responded with a status of 404 (Not Found) @ https://us.shb-sync.com/76193a03-069b-4536-bc35-499b8e20d2af.gif?puid=[UID]&gdpr=0&gdpr_consent=&ccpa=&redir=https%3A%2F%2Fhb.trustedstack.com%2Fcksync.php%3Fcs%3D61%26type%3Dtst%26ovsid%3D%5BUID%5D%26gdpr%3D0%26gdpr_consent%3D%26ccpa%3D:0
[   38110ms] [ERROR] Failed to load resource: the server responded with a status of 404 (Not Found) @ https://us.shb-sync.com/76193a03-069b-4536-bc35-499b8e20d2af.gif?puid=[UID]&gdpr=0&gdpr_consent=&ccpa=&redir=https%3A%2F%2Fhb.trustedstack.com%2Fcksync.php%3Fcs%3D61%26type%3Dtst%26ovsid%3D%5BUID%5D%26gdpr%3D0%26gdpr_consent%3D%26ccpa%3D:0
[   38135ms] [ERROR] Failed to load resource: the server responded with a status of 404 (Not Found) @ https://us.shb-sync.com/76193a03-069b-4536-bc35-499b8e20d2af.gif?puid=[UID]&gdpr=0&gdpr_consent=&ccpa=&redir=https%3A%2F%2Fhb.trustedstack.com%2Fcksync.php%3Fcs%3D61%26type%3Dtst%26ovsid%3D%5BUID%5D%26gdpr%3D0%26gdpr_consent%3D%26ccpa%3D:0
[   38159ms] [ERROR] Failed to load resource: the server responded with a status of 404 (Not Found) @ https://us.shb-sync.com/76193a03-069b-4536-bc35-499b8e20d2af.gif?puid=[UID]&gdpr=0&gdpr_consent=&ccpa=&redir=https%3A%2F%2Fhb.trustedstack.com%2Fcksync.php%3Fcs%3D61%26type%3Dtst%26ovsid%3D%5BUID%5D%26gdpr%3D0%26gdpr_consent%3D%26ccpa%3D:0
[   38204ms] [ERROR] Failed to load resource: the server responded with a status of 404 (Not Found) @ https://us.shb-sync.com/76193a03-069b-4536-bc35-499b8e20d2af.gif?puid=[UID]&gdpr=0&gdpr_consent=&ccpa=&redir=https%3A%2F%2Fhb.trustedstack.com%2Fcksync.php%3Fcs%3D61%26type%3Dtst%26ovsid%3D%5BUID%5D%26gdpr%3D0%26gdpr_consent%3D%26ccpa%3D:0
[   38271ms] [ERROR] Failed to load resource: the server responded with a status of 404 (Not Found) @ https://us.shb-sync.com/76193a03-069b-4536-bc35-499b8e20d2af.gif?puid=[UID]&gdpr=0&gdpr_consent=&ccpa=&redir=https%3A%2F%2Fhb.trustedstack.com%2Fcksync.php%3Fcs%3D61%26type%3Dtst%26ovsid%3D%5BUID%5D%26gdpr%3D0%26gdpr_consent%3D%26ccpa%3D:0
[   38110ms] [ERROR] Failed to load resource: the server responded with a status of 404 (Not Found) @ https://us.shb-sync.com/76193a03-069b-4536-bc35-499b8e20d2af.gif?puid=[UID]&gdpr=0&gdpr_consent=&ccpa=&redir=https%3A%2F%2Fhb.trustedstack.com%2Fcksync.php%3Fcs%3D61%26type%3Dtst%26ovsid%3D%5BUID%5D%26gdpr%3D0%26gdpr_consent%3D%26ccpa%3D:0
[   38135ms] [ERROR] Failed to load resource: the server responded with a status of 404 (Not Found) @ https://us.shb-sync.com/76193a03-069b-4536-bc35-499b8e20d2af.gif?puid=[UID]&gdpr=0&gdpr_consent=&ccpa=&redir=https%3A%2F%2Fhb.trustedstack.com%2Fcksync.php%3Fcs%3D61%26type%3Dtst%26ovsid%3D%5BUID%5D%26gdpr%3D0%26gdpr_consent%3D%26ccpa%3D:0
[   38159ms] [ERROR] Failed to load resource: the server responded with a status of 404 (Not Found) @ https://us.shb-sync.com/76193a03-069b-4536-bc35-499b8e20d2af.gif?puid=[UID]&gdpr=0&gdpr_consent=&ccpa=&redir=https%3A%2F%2Fhb.trustedstack.com%2Fcksync.php%3Fcs%3D61%26type%3Dtst%26ovsid%3D%5BUID%5D%26gdpr%3D0%26gdpr_consent%3D%26ccpa%3D:0
[   38204ms] [ERROR] Failed to load resource: the server responded with a status of 404 (Not Found) @ https://us.shb-sync.com/76193a03-069b-4536-bc35-499b8e20d2af.gif?puid=[UID]&gdpr=0&gdpr_consent=&ccpa=&redir=https%3A%2F%2Fhb.trustedstack.com%2Fcksync.php%3Fcs%3D61%26type%3Dtst%26ovsid%3D%5BUID%5D%26gdpr%3D0%26gdpr_consent%3D%26ccpa%3D:0
[   38271ms] [ERROR] Failed to load resource: the server responded with a status of 404 (Not Found) @ https://us.shb-sync.com/76193a03-069b-4536-bc35-499b8e20d2af.gif?puid=[UID]&gdpr=0&gdpr_consent=&ccpa=&redir=https%3A%2F%2Fhb.trustedstack.com%2Fcksync.php%3Fcs%3D61%26type%3Dtst%26ovsid%3D%5BUID%5D%26gdpr%3D0%26gdpr_consent%3D%26ccpa%3D:0
[   38110ms] [ERROR] Failed to load resource: the server responded with a status of 404 (Not Found) @ https://us.shb-sync.com/76193a03-069b-4536-bc35-499b8e20d2af.gif?puid=[UID]&gdpr=0&gdpr_consent=&ccpa=&redir=https%3A%2F%2Fhb.trustedstack.com%2Fcksync.php%3Fcs%3D61%26type%3Dtst%26ovsid%3D%5BUID%5D%26gdpr%3D0%26gdpr_consent%3D%26ccpa%3D:0
[   38135ms] [ERROR] Failed to load resource: the server responded with a status of 404 (Not Found) @ https://us.shb-sync.com/76193a03-069b-4536-bc35-499b8e20d2af.gif?puid=[UID]&gdpr=0&gdpr_consent=&ccpa=&redir=https%3A%2F%2Fhb.trustedstack.com%2Fcksync.php%3Fcs%3D61%26type%3Dtst%26ovsid%3D%5BUID%5D%26gdpr%3D0%26gdpr_consent%3D%26ccpa%3D:0
[   38159ms] [ERROR] Failed to load resource: the server responded with a status of 404 (Not Found) @ https://us.shb-sync.com/76193a03-069b-4536-bc35-499b8e20d2af.gif?puid=[UID]&gdpr=0&gdpr_consent=&ccpa=&redir=https%3A%2F%2Fhb.trustedstack.com%2Fcksync.php%3Fcs%3D61%26type%3Dtst%26ovsid%3D%5BUID%5D%26gdpr%3D0%26gdpr_consent%3D%26ccpa%3D:0
[   38204ms] [ERROR] Failed to load resource: the server responded with a status of 404 (Not Found) @ https://us.shb-sync.com/76193a03-069b-4536-bc35-499b8e20d2af.gif?puid=[UID]&gdpr=0&gdpr_consent=&ccpa=&redir=https%3A%2F%2Fhb.trustedstack.com%2Fcksync.php%3Fcs%3D61%26type%3Dtst%26ovsid%3D%5BUID%5D%26gdpr%3D0%26gdpr_consent%3D%26ccpa%3D:0
[   38271ms] [ERROR] Failed to load resource: the server responded with a status of 404 (Not Found) @ https://us.shb-sync.com/76193a03-069b-4536-bc35-499b8e20d2af.gif?puid=[UID]&gdpr=0&gdpr_consent=&ccpa=&redir=https%3A%2F%2Fhb.trustedstack.com%2Fcksync.php%3Fcs%3D61%26type%3Dtst%26ovsid%3D%5BUID%5D%26gdpr%3D0%26gdpr_consent%3D%26ccpa%3D:0
[   38110ms] [ERROR] Failed to load resource: the server responded with a status of 404 (Not Found) @ https://us.shb-sync.com/76193a03-069b-4536-bc35-499b8e20d2af.gif?puid=[UID]&gdpr=0&gdpr_consent=&ccpa=&redir=https%3A%2F%2Fhb.trustedstack.com%2Fcksync.php%3Fcs%3D61%26type%3Dtst%26ovsid%3D%5BUID%5D%26gdpr%3D0%26gdpr_consent%3D%26ccpa%3D:0
[   38135ms] [ERROR] Failed to load resource: the server responded with a status of 404 (Not Found) @ https://us.shb-sync.com/76193a03-069b-4536-bc35-499b8e20d2af.gif?puid=[UID]&gdpr=0&gdpr_consent=&ccpa=&redir=https%3A%2F%2Fhb.trustedstack.com%2Fcksync.php%3Fcs%3D61%26type%3Dtst%26ovsid%3D%5BUID%5D%26gdpr%3D0%26gdpr_consent%3D%26ccpa%3D:0
[   38159ms] [ERROR] Failed to load resource: the server responded with a status of 404 (Not Found) @ https://us.shb-sync.com/76193a03-069b-4536-bc35-499b8e20d2af.gif?puid=[UID]&gdpr=0&gdpr_consent=&ccpa=&redir=https%3A%2F%2Fhb.trustedstack.com%2Fcksync.php%3Fcs%3D61%26type%3Dtst%26ovsid%3D%5BUID%5D%26gdpr%3D0%26gdpr_consent%3D%26ccpa%3D:0
[   38204ms] [ERROR] Failed to load resource: the server responded with a status of 404 (Not Found) @ https://us.shb-sync.com/76193a03-069b-4536-bc35-499b8e20d2af.gif?puid=[UID]&gdpr=0&gdpr_consent=&ccpa=&redir=https%3A%2F%2Fhb.trustedstack.com%2Fcksync.php%3Fcs%3D61%26type%3Dtst%26ovsid%3D%5BUID%5D%26gdpr%3D0%26gdpr_consent%3D%26ccpa%3D:0
[   38271ms] [ERROR] Failed to load resource: the server responded with a status of 404 (Not Found) @ https://us.shb-sync.com/76193a03-069b-4536-bc35-499b8e20d2af.gif?puid=[UID]&gdpr=0&gdpr_consent=&ccpa=&redir=https%3A%2F%2Fhb.trustedstack.com%2Fcksync.php%3Fcs%3D61%26type%3Dtst%26ovsid%3D%5BUID%5D%26gdpr%3D0%26gdpr_consent%3D%26ccpa%3D:0
[    8093ms] [ERROR] Failed to load resource: the server responded with a status of 422 () @ https://match.sharethrough.com/FGMrCMMc/v1?gdpr=&gdpr_consent=&us_privacy=&gpp=&gpp_sid=&redirectUri=https%3A%2F%2Fpbs-bunny.receptivity.io%2Fsetuid%3Fbidder%3Dsharethrough%26gdpr%3D%26gdpr_consent%3D%26gpp%3D%26gpp_sid%3D%26f%3Di%26uid%3D%24UID:0
[   40087ms] [WARNING] This ad's html cannot be accessed using the getHtml method on googletag.Slot. Returning the empty string instead. @ https://browser.sentry-cdn.com/7.44.1/bundle.tracing.min.js:1
[   40087ms] [WARNING] This ad's html cannot be accessed using the getHtml method on googletag.Slot. Returning the empty string instead. @ https://browser.sentry-cdn.com/7.44.1/bundle.tracing.min.js:1
[   40087ms] [WARNING] This ad's html cannot be accessed using the getHtml method on googletag.Slot. Returning the empty string instead. @ https://browser.sentry-cdn.com/7.44.1/bundle.tracing.min.js:1
[   40087ms] [WARNING] This ad's html cannot be accessed using the getHtml method on googletag.Slot. Returning the empty string instead. @ https://browser.sentry-cdn.com/7.44.1/bundle.tracing.min.js:1
[   40087ms] [WARNING] This ad's html cannot be accessed using the getHtml method on googletag.Slot. Returning the empty string instead. @ https://browser.sentry-cdn.com/7.44.1/bundle.tracing.min.js:1
[   40087ms] [WARNING] This ad's html cannot be accessed using the getHtml method on googletag.Slot. Returning the empty string instead. @ https://browser.sentry-cdn.com/7.44.1/bundle.tracing.min.js:1
[   40087ms] [WARNING] This ad's html cannot be accessed using the getHtml method on googletag.Slot. Returning the empty string instead. @ https://browser.sentry-cdn.com/7.44.1/bundle.tracing.min.js:1
[   40643ms] [WARNING] This ad's html cannot be accessed using the getHtml method on googletag.Slot. Returning the empty string instead. @ https://browser.sentry-cdn.com/7.44.1/bundle.tracing.min.js:1
[   40643ms] [WARNING] This ad's html cannot be accessed using the getHtml method on googletag.Slot. Returning the empty string instead. @ https://browser.sentry-cdn.com/7.44.1/bundle.tracing.min.js:1
[   40643ms] [WARNING] This ad's html cannot be accessed using the getHtml method on googletag.Slot. Returning the empty string instead. @ https://browser.sentry-cdn.com/7.44.1/bundle.tracing.min.js:1
[   40643ms] [WARNING] This ad's html cannot be accessed using the getHtml method on googletag.Slot. Returning the empty string instead. @ https://browser.sentry-cdn.com/7.44.1/bundle.tracing.min.js:1
[   40643ms] [WARNING] This ad's html cannot be accessed using the getHtml method on googletag.Slot. Returning the empty string instead. @ https://browser.sentry-cdn.com/7.44.1/bundle.tracing.min.js:1
[   40643ms] [WARNING] This ad's html cannot be accessed using the getHtml method on googletag.Slot. Returning the empty string instead. @ https://browser.sentry-cdn.com/7.44.1/bundle.tracing.min.js:1
[   40643ms] [WARNING] This ad's html cannot be accessed using the getHtml method on googletag.Slot. Returning the empty string instead. @ https://browser.sentry-cdn.com/7.44.1/bundle.tracing.min.js:1
[    8093ms] [ERROR] Failed to load resource: the server responded with a status of 422 () @ https://match.sharethrough.com/FGMrCMMc/v1?gdpr=&gdpr_consent=&us_privacy=&gpp=&gpp_sid=&redirectUri=https%3A%2F%2Fpbs-bunny.receptivity.io%2Fsetuid%3Fbidder%3Dsharethrough%26gdpr%3D%26gdpr_consent%3D%26gpp%3D%26gpp_sid%3D%26f%3Di%26uid%3D%24UID:0
[   38110ms] [ERROR] Failed to load resource: the server responded with a status of 404 (Not Found) @ https://us.shb-sync.com/76193a03-069b-4536-bc35-499b8e20d2af.gif?puid=[UID]&gdpr=0&gdpr_consent=&ccpa=&redir=https%3A%2F%2Fhb.trustedstack.com%2Fcksync.php%3Fcs%3D61%26type%3Dtst%26ovsid%3D%5BUID%5D%26gdpr%3D0%26gdpr_consent%3D%26ccpa%3D:0
[   38135ms] [ERROR] Failed to load resource: the server responded with a status of 404 (Not Found) @ https://us.shb-sync.com/76193a03-069b-4536-bc35-499b8e20d2af.gif?puid=[UID]&gdpr=0&gdpr_consent=&ccpa=&redir=https%3A%2F%2Fhb.trustedstack.com%2Fcksync.php%3Fcs%3D61%26type%3Dtst%26ovsid%3D%5BUID%5D%26gdpr%3D0%26gdpr_consent%3D%26ccpa%3D:0
[   38159ms] [ERROR] Failed to load resource: the server responded with a status of 404 (Not Found) @ https://us.shb-sync.com/76193a03-069b-4536-bc35-499b8e20d2af.gif?puid=[UID]&gdpr=0&gdpr_consent=&ccpa=&redir=https%3A%2F%2Fhb.trustedstack.com%2Fcksync.php%3Fcs%3D61%26type%3Dtst%26ovsid%3D%5BUID%5D%26gdpr%3D0%26gdpr_consent%3D%26ccpa%3D:0
[   38204ms] [ERROR] Failed to load resource: the server responded with a status of 404 (Not Found) @ https://us.shb-sync.com/76193a03-069b-4536-bc35-499b8e20d2af.gif?puid=[UID]&gdpr=0&gdpr_consent=&ccpa=&redir=https%3A%2F%2Fhb.trustedstack.com%2Fcksync.php%3Fcs%3D61%26type%3Dtst%26ovsid%3D%5BUID%5D%26gdpr%3D0%26gdpr_consent%3D%26ccpa%3D:0
[   38271ms] [ERROR] Failed to load resource: the server responded with a status of 404 (Not Found) @ https://us.shb-sync.com/76193a03-069b-4536-bc35-499b8e20d2af.gif?puid=[UID]&gdpr=0&gdpr_consent=&ccpa=&redir=https%3A%2F%2Fhb.trustedstack.com%2Fcksync.php%3Fcs%3D61%26type%3Dtst%26ovsid%3D%5BUID%5D%26gdpr%3D0%26gdpr_consent%3D%26ccpa%3D:0
[   38110ms] [ERROR] Failed to load resource: the server responded with a status of 404 (Not Found) @ https://us.shb-sync.com/76193a03-069b-4536-bc35-499b8e20d2af.gif?puid=[UID]&gdpr=0&gdpr_consent=&ccpa=&redir=https%3A%2F%2Fhb.trustedstack.com%2Fcksync.php%3Fcs%3D61%26type%3Dtst%26ovsid%3D%5BUID%5D%26gdpr%3D0%26gdpr_consent%3D%26ccpa%3D:0
[   38135ms] [ERROR] Failed to load resource: the server responded with a status of 404 (Not Found) @ https://us.shb-sync.com/76193a03-069b-4536-bc35-499b8e20d2af.gif?puid=[UID]&gdpr=0&gdpr_consent=&ccpa=&redir=https%3A%2F%2Fhb.trustedstack.com%2Fcksync.php%3Fcs%3D61%26type%3Dtst%26ovsid%3D%5BUID%5D%26gdpr%3D0%26gdpr_consent%3D%26ccpa%3D:0
[   38159ms] [ERROR] Failed to load resource: the server responded with a status of 404 (Not Found) @ https://us.shb-sync.com/76193a03-069b-4536-bc35-499b8e20d2af.gif?puid=[UID]&gdpr=0&gdpr_consent=&ccpa=&redir=https%3A%2F%2Fhb.trustedstack.com%2Fcksync.php%3Fcs%3D61%26type%3Dtst%26ovsid%3D%5BUID%5D%26gdpr%3D0%26gdpr_consent%3D%26ccpa%3D:0
[   38204ms] [ERROR] Failed to load resource: the server responded with a status of 404 (Not Found) @ https://us.shb-sync.com/76193a03-069b-4536-bc35-499b8e20d2af.gif?puid=[UID]&gdpr=0&gdpr_consent=&ccpa=&redir=https%3A%2F%2Fhb.trustedstack.com%2Fcksync.php%3Fcs%3D61%26type%3Dtst%26ovsid%3D%5BUID%5D%26gdpr%3D0%26gdpr_consent%3D%26ccpa%3D:0
[   38271ms] [ERROR] Failed to load resource: the server responded with a status of 404 (Not Found) @ https://us.shb-sync.com/76193a03-069b-4536-bc35-499b8e20d2af.gif?puid=[UID]&gdpr=0&gdpr_consent=&ccpa=&redir=https%3A%2F%2Fhb.trustedstack.com%2Fcksync.php%3Fcs%3D61%26type%3Dtst%26ovsid%3D%5BUID%5D%26gdpr%3D0%26gdpr_consent%3D%26ccpa%3D:0
[   38110ms] [ERROR] Failed to load resource: the server responded with a status of 404 (Not Found) @ https://us.shb-sync.com/76193a03-069b-4536-bc35-499b8e20d2af.gif?puid=[UID]&gdpr=0&gdpr_consent=&ccpa=&redir=https%3A%2F%2Fhb.trustedstack.com%2Fcksync.php%3Fcs%3D61%26type%3Dtst%26ovsid%3D%5BUID%5D%26gdpr%3D0%26gdpr_consent%3D%26ccpa%3D:0
[   38135ms] [ERROR] Failed to load resource: the server responded with a status of 404 (Not Found) @ https://us.shb-sync.com/76193a03-069b-4536-bc35-499b8e20d2af.gif?puid=[UID]&gdpr=0&gdpr_consent=&ccpa=&redir=https%3A%2F%2Fhb.trustedstack.com%2Fcksync.php%3Fcs%3D61%26type%3Dtst%26ovsid%3D%5BUID%5D%26gdpr%3D0%26gdpr_consent%3D%26ccpa%3D:0
[   38159ms] [ERROR] Failed to load resource: the server responded with a status of 404 (Not Found) @ https://us.shb-sync.com/76193a03-069b-4536-bc35-499b8e20d2af.gif?puid=[UID]&gdpr=0&gdpr_consent=&ccpa=&redir=https%3A%2F%2Fhb.trustedstack.com%2Fcksync.php%3Fcs%3D61%26type%3Dtst%26ovsid%3D%5BUID%5D%26gdpr%3D0%26gdpr_consent%3D%26ccpa%3D:0
[   38204ms] [ERROR] Failed to load resource: the server responded with a status of 404 (Not Found) @ https://us.shb-sync.com/76193a03-069b-4536-bc35-499b8e20d2af.gif?puid=[UID]&gdpr=0&gdpr_consent=&ccpa=&redir=https%3A%2F%2Fhb.trustedstack.com%2Fcksync.php%3Fcs%3D61%26type%3Dtst%26ovsid%3D%5BUID%5D%26gdpr%3D0%26gdpr_consent%3D%26ccpa%3D:0
[   38271ms] [ERROR] Failed to load resource: the server responded with a status of 404 (Not Found) @ https://us.shb-sync.com/76193a03-069b-4536-bc35-499b8e20d2af.gif?puid=[UID]&gdpr=0&gdpr_consent=&ccpa=&redir=https%3A%2F%2Fhb.trustedstack.com%2Fcksync.php%3Fcs%3D61%26type%3Dtst%26ovsid%3D%5BUID%5D%26gdpr%3D0%26gdpr_consent%3D%26ccpa%3D:0
[   38110ms] [ERROR] Failed to load resource: the server responded with a status of 404 (Not Found) @ https://us.shb-sync.com/76193a03-069b-4536-bc35-499b8e20d2af.gif?puid=[UID]&gdpr=0&gdpr_consent=&ccpa=&redir=https%3A%2F%2Fhb.trustedstack.com%2Fcksync.php%3Fcs%3D61%26type%3Dtst%26ovsid%3D%5BUID%5D%26gdpr%3D0%26gdpr_consent%3D%26ccpa%3D:0
[   38135ms] [ERROR] Failed to load resource: the server responded with a status of 404 (Not Found) @ https://us.shb-sync.com/76193a03-069b-4536-bc35-499b8e20d2af.gif?puid=[UID]&gdpr=0&gdpr_consent=&ccpa=&redir=https%3A%2F%2Fhb.trustedstack.com%2Fcksync.php%3Fcs%3D61%26type%3Dtst%26ovsid%3D%5BUID%5D%26gdpr%3D0%26gdpr_consent%3D%26ccpa%3D:0
[   38159ms] [ERROR] Failed to load resource: the server responded with a status of 404 (Not Found) @ https://us.shb-sync.com/76193a03-069b-4536-bc35-499b8e20d2af.gif?puid=[UID]&gdpr=0&gdpr_consent=&ccpa=&redir=https%3A%2F%2Fhb.trustedstack.com%2Fcksync.php%3Fcs%3D61%26type%3Dtst%26ovsid%3D%5BUID%5D%26gdpr%3D0%26gdpr_consent%3D%26ccpa%3D:0
[   38204ms] [ERROR] Failed to load resource: the server responded with a status of 404 (Not Found) @ https://us.shb-sync.com/76193a03-069b-4536-bc35-499b8e20d2af.gif?puid=[UID]&gdpr=0&gdpr_consent=&ccpa=&redir=https%3A%2F%2Fhb.trustedstack.com%2Fcksync.php%3Fcs%3D61%26type%3Dtst%26ovsid%3D%5BUID%5D%26gdpr%3D0%26gdpr_consent%3D%26ccpa%3D:0
[   38271ms] [ERROR] Failed to load resource: the server responded with a status of 404 (Not Found) @ https://us.shb-sync.com/76193a03-069b-4536-bc35-499b8e20d2af.gif?puid=[UID]&gdpr=0&gdpr_consent=&ccpa=&redir=https%3A%2F%2Fhb.trustedstack.com%2Fcksync.php%3Fcs%3D61%26type%3Dtst%26ovsid%3D%5BUID%5D%26gdpr%3D0%26gdpr_consent%3D%26ccpa%3D:0
[   38110ms] [ERROR] Failed to load resource: the server responded with a status of 404 (Not Found) @ https://us.shb-sync.com/76193a03-069b-4536-bc35-499b8e20d2af.gif?puid=[UID]&gdpr=0&gdpr_consent=&ccpa=&redir=https%3A%2F%2Fhb.trustedstack.com%2Fcksync.php%3Fcs%3D61%26type%3Dtst%26ovsid%3D%5BUID%5D%26gdpr%3D0%26gdpr_consent%3D%26ccpa%3D:0
[   38135ms] [ERROR] Failed to load resource: the server responded with a status of 404 (Not Found) @ https://us.shb-sync.com/76193a03-069b-4536-bc35-499b8e20d2af.gif?puid=[UID]&gdpr=0&gdpr_consent=&ccpa=&redir=https%3A%2F%2Fhb.trustedstack.com%2Fcksync.php%3Fcs%3D61%26type%3Dtst%26ovsid%3D%5BUID%5D%26gdpr%3D0%26gdpr_consent%3D%26ccpa%3D:0
[   38159ms] [ERROR] Failed to load resource: the server responded with a status of 404 (Not Found) @ https://us.shb-sync.com/76193a03-069b-4536-bc35-499b8e20d2af.gif?puid=[UID]&gdpr=0&gdpr_consent=&ccpa=&redir=https%3A%2F%2Fhb.trustedstack.com%2Fcksync.php%3Fcs%3D61%26type%3Dtst%26ovsid%3D%5BUID%5D%26gdpr%3D0%26gdpr_consent%3D%26ccpa%3D:0
[   38204ms] [ERROR] Failed to load resource: the server responded with a status of 404 (Not Found) @ https://us.shb-sync.com/76193a03-069b-4536-bc35-499b8e20d2af.gif?puid=[UID]&gdpr=0&gdpr_consent=&ccpa=&redir=https%3A%2F%2Fhb.trustedstack.com%2Fcksync.php%3Fcs%3D61%26type%3Dtst%26ovsid%3D%5BUID%5D%26gdpr%3D0%26gdpr_consent%3D%26ccpa%3D:0
[   38271ms] [ERROR] Failed to load resource: the server responded with a status of 404 (Not Found) @ https://us.shb-sync.com/76193a03-069b-4536-bc35-499b8e20d2af.gif?puid=[UID]&gdpr=0&gdpr_consent=&ccpa=&redir=https%3A%2F%2Fhb.trustedstack.com%2Fcksync.php%3Fcs%3D61%26type%3Dtst%26ovsid%3D%5BUID%5D%26gdpr%3D0%26gdpr_consent%3D%26ccpa%3D:0
